Watching for file changes with StatReloader
Exception in thread django-main-thread:
Traceback (most recent call last):
  File "/usr/lib/python3.10/threading.py", line 1016, in _bootstrap_inner
    self.run()
  File "/usr/lib/python3.10/threading.py", line 953, in run
    self._target(*self._args, **self._kwargs)
  File "/root/app/hello/lib/python3.10/site-packages/django/utils/autoreload.py", line 64, in wrapper
    fn(*args, **kwargs)
  File "/root/app/hello/lib/python3.10/site-packages/django/core/management/commands/runserver.py", line 124, in inner_run
    autoreload.raise_last_exception()
  File "/root/app/hello/lib/python3.10/site-packages/django/utils/autoreload.py", line 86, in raise_last_exception
    raise _exception[1]
  File "/root/app/hello/lib/python3.10/site-packages/django/core/management/__init__.py", line 394, in execute
    autoreload.check_errors(django.setup)()
  File "/root/app/hello/lib/python3.10/site-packages/django/utils/autoreload.py", line 64, in wrapper
    fn(*args, **kwargs)
  File "/root/app/hello/lib/python3.10/site-packages/django/__init__.py", line 24, in setup
    apps.populate(settings.INSTALLED_APPS)
  File "/root/app/hello/lib/python3.10/site-packages/django/apps/registry.py", line 124, in populate
    app_config.ready()
  File "/root/app/hello/lib/python3.10/site-packages/django/contrib/admin/apps.py", line 27, in ready
    self.module.autodiscover()
  File "/root/app/hello/lib/python3.10/site-packages/django/contrib/admin/__init__.py", line 52, in autodiscover
    autodiscover_modules("admin", register_to=site)
  File "/root/app/hello/lib/python3.10/site-packages/django/utils/module_loading.py", line 58, in autodiscover_modules
    import_module("%s.%s" % (app_config.name, module_to_search))
  File "/usr/lib/python3.10/importlib/__init__.py", line 126, in import_module
    return _bootstrap._gcd_import(name[level:], package, level)
  File "<frozen importlib._bootstrap>", line 1050, in _gcd_import
  File "<frozen importlib._bootstrap>", line 1027, in _find_and_load
  File "<frozen importlib._bootstrap>", line 1006, in _find_and_load_unlocked
  File "<frozen importlib._bootstrap>", line 688, in _load_unlocked
  File "<frozen importlib._bootstrap_external>", line 883, in exec_module
  File "<frozen importlib._bootstrap>", line 241, in _call_with_frames_removed
  File "/root/app/storage_control/admin.py", line 66, in <module>
    class InteractiveCommentAdmin(admin.ModelAdmin):
  File "/root/app/hello/lib/python3.10/site-packages/django/contrib/admin/decorators.py", line 107, in _model_admin_wrapper
    admin_site.register(models, admin_class=admin_class)
  File "/root/app/hello/lib/python3.10/site-packages/django/contrib/admin/sites.py", line 130, in register
    raise AlreadyRegistered(msg)
django.contrib.admin.exceptions.AlreadyRegistered: The model InteractiveComment is already registered with 'storage_control.InteractiveCommentAdmin'.
Watching for file changes with StatReloader
Exception in thread django-main-thread:
Traceback (most recent call last):
  File "/usr/lib/python3.10/threading.py", line 1016, in _bootstrap_inner
    self.run()
  File "/usr/lib/python3.10/threading.py", line 953, in run
    self._target(*self._args, **self._kwargs)
  File "/root/app/hello/lib/python3.10/site-packages/django/utils/autoreload.py", line 64, in wrapper
    fn(*args, **kwargs)
  File "/root/app/hello/lib/python3.10/site-packages/django/core/management/commands/runserver.py", line 124, in inner_run
    autoreload.raise_last_exception()
  File "/root/app/hello/lib/python3.10/site-packages/django/utils/autoreload.py", line 86, in raise_last_exception
    raise _exception[1]
  File "/root/app/hello/lib/python3.10/site-packages/django/core/management/__init__.py", line 394, in execute
    autoreload.check_errors(django.setup)()
  File "/root/app/hello/lib/python3.10/site-packages/django/utils/autoreload.py", line 64, in wrapper
    fn(*args, **kwargs)
  File "/root/app/hello/lib/python3.10/site-packages/django/__init__.py", line 24, in setup
    apps.populate(settings.INSTALLED_APPS)
  File "/root/app/hello/lib/python3.10/site-packages/django/apps/registry.py", line 124, in populate
    app_config.ready()
  File "/root/app/hello/lib/python3.10/site-packages/django/contrib/admin/apps.py", line 27, in ready
    self.module.autodiscover()
  File "/root/app/hello/lib/python3.10/site-packages/django/contrib/admin/__init__.py", line 52, in autodiscover
    autodiscover_modules("admin", register_to=site)
  File "/root/app/hello/lib/python3.10/site-packages/django/utils/module_loading.py", line 58, in autodiscover_modules
    import_module("%s.%s" % (app_config.name, module_to_search))
  File "/usr/lib/python3.10/importlib/__init__.py", line 126, in import_module
    return _bootstrap._gcd_import(name[level:], package, level)
  File "<frozen importlib._bootstrap>", line 1050, in _gcd_import
  File "<frozen importlib._bootstrap>", line 1027, in _find_and_load
  File "<frozen importlib._bootstrap>", line 1006, in _find_and_load_unlocked
  File "<frozen importlib._bootstrap>", line 688, in _load_unlocked
  File "<frozen importlib._bootstrap_external>", line 883, in exec_module
  File "<frozen importlib._bootstrap>", line 241, in _call_with_frames_removed
  File "/root/app/storage_control/admin.py", line 66, in <module>
    class InteractiveCommentAdmin(admin.ModelAdmin):
  File "/root/app/hello/lib/python3.10/site-packages/django/contrib/admin/decorators.py", line 107, in _model_admin_wrapper
    admin_site.register(models, admin_class=admin_class)
  File "/root/app/hello/lib/python3.10/site-packages/django/contrib/admin/sites.py", line 130, in register
    raise AlreadyRegistered(msg)
django.contrib.admin.exceptions.AlreadyRegistered: The model InteractiveComment is already registered with 'storage_control.InteractiveCommentAdmin'.
Watching for file changes with StatReloader
Exception in thread django-main-thread:
Traceback (most recent call last):
  File "/usr/lib/python3.10/threading.py", line 1016, in _bootstrap_inner
    self.run()
  File "/usr/lib/python3.10/threading.py", line 953, in run
    self._target(*self._args, **self._kwargs)
  File "/root/app/hello/lib/python3.10/site-packages/django/utils/autoreload.py", line 64, in wrapper
    fn(*args, **kwargs)
  File "/root/app/hello/lib/python3.10/site-packages/django/core/management/commands/runserver.py", line 124, in inner_run
    autoreload.raise_last_exception()
  File "/root/app/hello/lib/python3.10/site-packages/django/utils/autoreload.py", line 86, in raise_last_exception
    raise _exception[1]
  File "/root/app/hello/lib/python3.10/site-packages/django/core/management/__init__.py", line 394, in execute
    autoreload.check_errors(django.setup)()
  File "/root/app/hello/lib/python3.10/site-packages/django/utils/autoreload.py", line 64, in wrapper
    fn(*args, **kwargs)
  File "/root/app/hello/lib/python3.10/site-packages/django/__init__.py", line 24, in setup
    apps.populate(settings.INSTALLED_APPS)
  File "/root/app/hello/lib/python3.10/site-packages/django/apps/registry.py", line 124, in populate
    app_config.ready()
  File "/root/app/hello/lib/python3.10/site-packages/django/contrib/admin/apps.py", line 27, in ready
    self.module.autodiscover()
  File "/root/app/hello/lib/python3.10/site-packages/django/contrib/admin/__init__.py", line 52, in autodiscover
    autodiscover_modules("admin", register_to=site)
  File "/root/app/hello/lib/python3.10/site-packages/django/utils/module_loading.py", line 58, in autodiscover_modules
    import_module("%s.%s" % (app_config.name, module_to_search))
  File "/usr/lib/python3.10/importlib/__init__.py", line 126, in import_module
    return _bootstrap._gcd_import(name[level:], package, level)
  File "<frozen importlib._bootstrap>", line 1050, in _gcd_import
  File "<frozen importlib._bootstrap>", line 1027, in _find_and_load
  File "<frozen importlib._bootstrap>", line 1006, in _find_and_load_unlocked
  File "<frozen importlib._bootstrap>", line 688, in _load_unlocked
  File "<frozen importlib._bootstrap_external>", line 883, in exec_module
  File "<frozen importlib._bootstrap>", line 241, in _call_with_frames_removed
  File "/root/app/storage_control/admin.py", line 66, in <module>
    class InteractiveCommentAdmin(admin.ModelAdmin):
  File "/root/app/hello/lib/python3.10/site-packages/django/contrib/admin/decorators.py", line 107, in _model_admin_wrapper
    admin_site.register(models, admin_class=admin_class)
  File "/root/app/hello/lib/python3.10/site-packages/django/contrib/admin/sites.py", line 130, in register
    raise AlreadyRegistered(msg)
django.contrib.admin.exceptions.AlreadyRegistered: The model InteractiveComment is already registered with 'storage_control.InteractiveCommentAdmin'.
Watching for file changes with StatReloader
Exception in thread django-main-thread:
Traceback (most recent call last):
  File "/usr/lib/python3.10/threading.py", line 1016, in _bootstrap_inner
    self.run()
  File "/usr/lib/python3.10/threading.py", line 953, in run
    self._target(*self._args, **self._kwargs)
  File "/root/app/hello/lib/python3.10/site-packages/django/utils/autoreload.py", line 64, in wrapper
    fn(*args, **kwargs)
  File "/root/app/hello/lib/python3.10/site-packages/django/core/management/commands/runserver.py", line 124, in inner_run
    autoreload.raise_last_exception()
  File "/root/app/hello/lib/python3.10/site-packages/django/utils/autoreload.py", line 86, in raise_last_exception
    raise _exception[1]
  File "/root/app/hello/lib/python3.10/site-packages/django/core/management/__init__.py", line 394, in execute
    autoreload.check_errors(django.setup)()
  File "/root/app/hello/lib/python3.10/site-packages/django/utils/autoreload.py", line 64, in wrapper
    fn(*args, **kwargs)
  File "/root/app/hello/lib/python3.10/site-packages/django/__init__.py", line 24, in setup
    apps.populate(settings.INSTALLED_APPS)
  File "/root/app/hello/lib/python3.10/site-packages/django/apps/registry.py", line 124, in populate
    app_config.ready()
  File "/root/app/hello/lib/python3.10/site-packages/django/contrib/admin/apps.py", line 27, in ready
    self.module.autodiscover()
  File "/root/app/hello/lib/python3.10/site-packages/django/contrib/admin/__init__.py", line 52, in autodiscover
    autodiscover_modules("admin", register_to=site)
  File "/root/app/hello/lib/python3.10/site-packages/django/utils/module_loading.py", line 58, in autodiscover_modules
    import_module("%s.%s" % (app_config.name, module_to_search))
  File "/usr/lib/python3.10/importlib/__init__.py", line 126, in import_module
    return _bootstrap._gcd_import(name[level:], package, level)
  File "<frozen importlib._bootstrap>", line 1050, in _gcd_import
  File "<frozen importlib._bootstrap>", line 1027, in _find_and_load
  File "<frozen importlib._bootstrap>", line 1006, in _find_and_load_unlocked
  File "<frozen importlib._bootstrap>", line 688, in _load_unlocked
  File "<frozen importlib._bootstrap_external>", line 883, in exec_module
  File "<frozen importlib._bootstrap>", line 241, in _call_with_frames_removed
  File "/root/app/storage_control/admin.py", line 66, in <module>
    class InteractiveCommentAdmin(admin.ModelAdmin):
  File "/root/app/hello/lib/python3.10/site-packages/django/contrib/admin/decorators.py", line 107, in _model_admin_wrapper
    admin_site.register(models, admin_class=admin_class)
  File "/root/app/hello/lib/python3.10/site-packages/django/contrib/admin/sites.py", line 130, in register
    raise AlreadyRegistered(msg)
django.contrib.admin.exceptions.AlreadyRegistered: The model InteractiveComment is already registered with 'storage_control.InteractiveCommentAdmin'.
Traceback (most recent call last):
  File "/root/app/manage.py", line 22, in <module>
    main()
  File "/root/app/manage.py", line 18, in main
    execute_from_command_line(sys.argv)
  File "/root/app/hello/lib/python3.10/site-packages/django/core/management/__init__.py", line 442, in execute_from_command_line
    utility.execute()
  File "/root/app/hello/lib/python3.10/site-packages/django/core/management/__init__.py", line 416, in execute
    django.setup()
  File "/root/app/hello/lib/python3.10/site-packages/django/__init__.py", line 24, in setup
    apps.populate(settings.INSTALLED_APPS)
  File "/root/app/hello/lib/python3.10/site-packages/django/apps/registry.py", line 124, in populate
    app_config.ready()
  File "/root/app/hello/lib/python3.10/site-packages/django/contrib/admin/apps.py", line 27, in ready
    self.module.autodiscover()
  File "/root/app/hello/lib/python3.10/site-packages/django/contrib/admin/__init__.py", line 52, in autodiscover
    autodiscover_modules("admin", register_to=site)
  File "/root/app/hello/lib/python3.10/site-packages/django/utils/module_loading.py", line 58, in autodiscover_modules
    import_module("%s.%s" % (app_config.name, module_to_search))
  File "/usr/lib/python3.10/importlib/__init__.py", line 126, in import_module
    return _bootstrap._gcd_import(name[level:], package, level)
  File "<frozen importlib._bootstrap>", line 1050, in _gcd_import
  File "<frozen importlib._bootstrap>", line 1027, in _find_and_load
  File "<frozen importlib._bootstrap>", line 1006, in _find_and_load_unlocked
  File "<frozen importlib._bootstrap>", line 688, in _load_unlocked
  File "<frozen importlib._bootstrap_external>", line 883, in exec_module
  File "<frozen importlib._bootstrap>", line 241, in _call_with_frames_removed
  File "/root/app/storage_control/admin.py", line 66, in <module>
    class InteractiveCommentAdmin(admin.ModelAdmin):
  File "/root/app/hello/lib/python3.10/site-packages/django/contrib/admin/decorators.py", line 107, in _model_admin_wrapper
    admin_site.register(models, admin_class=admin_class)
  File "/root/app/hello/lib/python3.10/site-packages/django/contrib/admin/sites.py", line 130, in register
    raise AlreadyRegistered(msg)
django.contrib.admin.exceptions.AlreadyRegistered: The model InteractiveComment is already registered with 'storage_control.InteractiveCommentAdmin'.
Traceback (most recent call last):
  File "/root/app/manage.py", line 22, in <module>
    main()
  File "/root/app/manage.py", line 18, in main
    execute_from_command_line(sys.argv)
  File "/root/app/hello/lib/python3.10/site-packages/django/core/management/__init__.py", line 442, in execute_from_command_line
    utility.execute()
  File "/root/app/hello/lib/python3.10/site-packages/django/core/management/__init__.py", line 416, in execute
    django.setup()
  File "/root/app/hello/lib/python3.10/site-packages/django/__init__.py", line 24, in setup
    apps.populate(settings.INSTALLED_APPS)
  File "/root/app/hello/lib/python3.10/site-packages/django/apps/registry.py", line 124, in populate
    app_config.ready()
  File "/root/app/hello/lib/python3.10/site-packages/django/contrib/admin/apps.py", line 27, in ready
    self.module.autodiscover()
  File "/root/app/hello/lib/python3.10/site-packages/django/contrib/admin/__init__.py", line 52, in autodiscover
    autodiscover_modules("admin", register_to=site)
  File "/root/app/hello/lib/python3.10/site-packages/django/utils/module_loading.py", line 58, in autodiscover_modules
    import_module("%s.%s" % (app_config.name, module_to_search))
  File "/usr/lib/python3.10/importlib/__init__.py", line 126, in import_module
    return _bootstrap._gcd_import(name[level:], package, level)
  File "<frozen importlib._bootstrap>", line 1050, in _gcd_import
  File "<frozen importlib._bootstrap>", line 1027, in _find_and_load
  File "<frozen importlib._bootstrap>", line 1006, in _find_and_load_unlocked
  File "<frozen importlib._bootstrap>", line 688, in _load_unlocked
  File "<frozen importlib._bootstrap_external>", line 883, in exec_module
  File "<frozen importlib._bootstrap>", line 241, in _call_with_frames_removed
  File "/root/app/storage_control/admin.py", line 66, in <module>
    class InteractiveCommentAdmin(admin.ModelAdmin):
  File "/root/app/hello/lib/python3.10/site-packages/django/contrib/admin/decorators.py", line 107, in _model_admin_wrapper
    admin_site.register(models, admin_class=admin_class)
  File "/root/app/hello/lib/python3.10/site-packages/django/contrib/admin/sites.py", line 130, in register
    raise AlreadyRegistered(msg)
django.contrib.admin.exceptions.AlreadyRegistered: The model InteractiveComment is already registered with 'storage_control.InteractiveCommentAdmin'.
Traceback (most recent call last):
  File "/root/app/manage.py", line 22, in <module>
    main()
  File "/root/app/manage.py", line 18, in main
    execute_from_command_line(sys.argv)
  File "/root/app/hello/lib/python3.10/site-packages/django/core/management/__init__.py", line 442, in execute_from_command_line
    utility.execute()
  File "/root/app/hello/lib/python3.10/site-packages/django/core/management/__init__.py", line 416, in execute
    django.setup()
  File "/root/app/hello/lib/python3.10/site-packages/django/__init__.py", line 24, in setup
    apps.populate(settings.INSTALLED_APPS)
  File "/root/app/hello/lib/python3.10/site-packages/django/apps/registry.py", line 124, in populate
    app_config.ready()
  File "/root/app/hello/lib/python3.10/site-packages/django/contrib/admin/apps.py", line 27, in ready
    self.module.autodiscover()
  File "/root/app/hello/lib/python3.10/site-packages/django/contrib/admin/__init__.py", line 52, in autodiscover
    autodiscover_modules("admin", register_to=site)
  File "/root/app/hello/lib/python3.10/site-packages/django/utils/module_loading.py", line 58, in autodiscover_modules
    import_module("%s.%s" % (app_config.name, module_to_search))
  File "/usr/lib/python3.10/importlib/__init__.py", line 126, in import_module
    return _bootstrap._gcd_import(name[level:], package, level)
  File "<frozen importlib._bootstrap>", line 1050, in _gcd_import
  File "<frozen importlib._bootstrap>", line 1027, in _find_and_load
  File "<frozen importlib._bootstrap>", line 1006, in _find_and_load_unlocked
  File "<frozen importlib._bootstrap>", line 688, in _load_unlocked
  File "<frozen importlib._bootstrap_external>", line 883, in exec_module
  File "<frozen importlib._bootstrap>", line 241, in _call_with_frames_removed
  File "/root/app/storage_control/admin.py", line 66, in <module>
    class InteractiveCommentAdmin(admin.ModelAdmin):
  File "/root/app/hello/lib/python3.10/site-packages/django/contrib/admin/decorators.py", line 107, in _model_admin_wrapper
    admin_site.register(models, admin_class=admin_class)
  File "/root/app/hello/lib/python3.10/site-packages/django/contrib/admin/sites.py", line 130, in register
    raise AlreadyRegistered(msg)
django.contrib.admin.exceptions.AlreadyRegistered: The model InteractiveComment is already registered with 'storage_control.InteractiveCommentAdmin'.
Traceback (most recent call last):
  File "/root/app/manage.py", line 22, in <module>
    main()
  File "/root/app/manage.py", line 18, in main
    execute_from_command_line(sys.argv)
  File "/root/app/hello/lib/python3.10/site-packages/django/core/management/__init__.py", line 442, in execute_from_command_line
    utility.execute()
  File "/root/app/hello/lib/python3.10/site-packages/django/core/management/__init__.py", line 416, in execute
    django.setup()
  File "/root/app/hello/lib/python3.10/site-packages/django/__init__.py", line 24, in setup
    apps.populate(settings.INSTALLED_APPS)
  File "/root/app/hello/lib/python3.10/site-packages/django/apps/registry.py", line 124, in populate
    app_config.ready()
  File "/root/app/hello/lib/python3.10/site-packages/django/contrib/admin/apps.py", line 27, in ready
    self.module.autodiscover()
  File "/root/app/hello/lib/python3.10/site-packages/django/contrib/admin/__init__.py", line 52, in autodiscover
    autodiscover_modules("admin", register_to=site)
  File "/root/app/hello/lib/python3.10/site-packages/django/utils/module_loading.py", line 58, in autodiscover_modules
    import_module("%s.%s" % (app_config.name, module_to_search))
  File "/usr/lib/python3.10/importlib/__init__.py", line 126, in import_module
    return _bootstrap._gcd_import(name[level:], package, level)
  File "<frozen importlib._bootstrap>", line 1050, in _gcd_import
  File "<frozen importlib._bootstrap>", line 1027, in _find_and_load
  File "<frozen importlib._bootstrap>", line 1006, in _find_and_load_unlocked
  File "<frozen importlib._bootstrap>", line 688, in _load_unlocked
  File "<frozen importlib._bootstrap_external>", line 883, in exec_module
  File "<frozen importlib._bootstrap>", line 241, in _call_with_frames_removed
  File "/root/app/storage_control/admin.py", line 66, in <module>
    class InteractiveCommentAdmin(admin.ModelAdmin):
  File "/root/app/hello/lib/python3.10/site-packages/django/contrib/admin/decorators.py", line 107, in _model_admin_wrapper
    admin_site.register(models, admin_class=admin_class)
  File "/root/app/hello/lib/python3.10/site-packages/django/contrib/admin/sites.py", line 130, in register
    raise AlreadyRegistered(msg)
django.contrib.admin.exceptions.AlreadyRegistered: The model InteractiveComment is already registered with 'storage_control.InteractiveCommentAdmin'.
Traceback (most recent call last):
  File "/root/app/manage.py", line 22, in <module>
    main()
  File "/root/app/manage.py", line 18, in main
    execute_from_command_line(sys.argv)
  File "/root/app/hello/lib/python3.10/site-packages/django/core/management/__init__.py", line 442, in execute_from_command_line
    utility.execute()
  File "/root/app/hello/lib/python3.10/site-packages/django/core/management/__init__.py", line 416, in execute
    django.setup()
  File "/root/app/hello/lib/python3.10/site-packages/django/__init__.py", line 24, in setup
    apps.populate(settings.INSTALLED_APPS)
  File "/root/app/hello/lib/python3.10/site-packages/django/apps/registry.py", line 124, in populate
    app_config.ready()
  File "/root/app/hello/lib/python3.10/site-packages/django/contrib/admin/apps.py", line 27, in ready
    self.module.autodiscover()
  File "/root/app/hello/lib/python3.10/site-packages/django/contrib/admin/__init__.py", line 52, in autodiscover
    autodiscover_modules("admin", register_to=site)
  File "/root/app/hello/lib/python3.10/site-packages/django/utils/module_loading.py", line 58, in autodiscover_modules
    import_module("%s.%s" % (app_config.name, module_to_search))
  File "/usr/lib/python3.10/importlib/__init__.py", line 126, in import_module
    return _bootstrap._gcd_import(name[level:], package, level)
  File "<frozen importlib._bootstrap>", line 1050, in _gcd_import
  File "<frozen importlib._bootstrap>", line 1027, in _find_and_load
  File "<frozen importlib._bootstrap>", line 1006, in _find_and_load_unlocked
  File "<frozen importlib._bootstrap>", line 688, in _load_unlocked
  File "<frozen importlib._bootstrap_external>", line 883, in exec_module
  File "<frozen importlib._bootstrap>", line 241, in _call_with_frames_removed
  File "/root/app/storage_control/admin.py", line 66, in <module>
    class InteractiveCommentAdmin(admin.ModelAdmin):
  File "/root/app/hello/lib/python3.10/site-packages/django/contrib/admin/decorators.py", line 107, in _model_admin_wrapper
    admin_site.register(models, admin_class=admin_class)
  File "/root/app/hello/lib/python3.10/site-packages/django/contrib/admin/sites.py", line 130, in register
    raise AlreadyRegistered(msg)
django.contrib.admin.exceptions.AlreadyRegistered: The model InteractiveComment is already registered with 'storage_control.InteractiveCommentAdmin'.
Traceback (most recent call last):
  File "/root/app/manage.py", line 22, in <module>
    main()
  File "/root/app/manage.py", line 18, in main
    execute_from_command_line(sys.argv)
  File "/root/app/hello/lib/python3.10/site-packages/django/core/management/__init__.py", line 442, in execute_from_command_line
    utility.execute()
  File "/root/app/hello/lib/python3.10/site-packages/django/core/management/__init__.py", line 416, in execute
    django.setup()
  File "/root/app/hello/lib/python3.10/site-packages/django/__init__.py", line 24, in setup
    apps.populate(settings.INSTALLED_APPS)
  File "/root/app/hello/lib/python3.10/site-packages/django/apps/registry.py", line 124, in populate
    app_config.ready()
  File "/root/app/hello/lib/python3.10/site-packages/django/contrib/admin/apps.py", line 27, in ready
    self.module.autodiscover()
  File "/root/app/hello/lib/python3.10/site-packages/django/contrib/admin/__init__.py", line 52, in autodiscover
    autodiscover_modules("admin", register_to=site)
  File "/root/app/hello/lib/python3.10/site-packages/django/utils/module_loading.py", line 58, in autodiscover_modules
    import_module("%s.%s" % (app_config.name, module_to_search))
  File "/usr/lib/python3.10/importlib/__init__.py", line 126, in import_module
    return _bootstrap._gcd_import(name[level:], package, level)
  File "<frozen importlib._bootstrap>", line 1050, in _gcd_import
  File "<frozen importlib._bootstrap>", line 1027, in _find_and_load
  File "<frozen importlib._bootstrap>", line 1006, in _find_and_load_unlocked
  File "<frozen importlib._bootstrap>", line 688, in _load_unlocked
  File "<frozen importlib._bootstrap_external>", line 883, in exec_module
  File "<frozen importlib._bootstrap>", line 241, in _call_with_frames_removed
  File "/root/app/storage_control/admin.py", line 66, in <module>
    class InteractiveCommentAdmin(admin.ModelAdmin):
  File "/root/app/hello/lib/python3.10/site-packages/django/contrib/admin/decorators.py", line 107, in _model_admin_wrapper
    admin_site.register(models, admin_class=admin_class)
  File "/root/app/hello/lib/python3.10/site-packages/django/contrib/admin/sites.py", line 130, in register
    raise AlreadyRegistered(msg)
django.contrib.admin.exceptions.AlreadyRegistered: The model InteractiveComment is already registered with 'storage_control.InteractiveCommentAdmin'.
Traceback (most recent call last):
  File "/root/app/manage.py", line 22, in <module>
    main()
  File "/root/app/manage.py", line 18, in main
    execute_from_command_line(sys.argv)
  File "/root/app/hello/lib/python3.10/site-packages/django/core/management/__init__.py", line 442, in execute_from_command_line
    utility.execute()
  File "/root/app/hello/lib/python3.10/site-packages/django/core/management/__init__.py", line 416, in execute
    django.setup()
  File "/root/app/hello/lib/python3.10/site-packages/django/__init__.py", line 24, in setup
    apps.populate(settings.INSTALLED_APPS)
  File "/root/app/hello/lib/python3.10/site-packages/django/apps/registry.py", line 124, in populate
    app_config.ready()
  File "/root/app/hello/lib/python3.10/site-packages/django/contrib/admin/apps.py", line 27, in ready
    self.module.autodiscover()
  File "/root/app/hello/lib/python3.10/site-packages/django/contrib/admin/__init__.py", line 52, in autodiscover
    autodiscover_modules("admin", register_to=site)
  File "/root/app/hello/lib/python3.10/site-packages/django/utils/module_loading.py", line 58, in autodiscover_modules
    import_module("%s.%s" % (app_config.name, module_to_search))
  File "/usr/lib/python3.10/importlib/__init__.py", line 126, in import_module
    return _bootstrap._gcd_import(name[level:], package, level)
  File "<frozen importlib._bootstrap>", line 1050, in _gcd_import
  File "<frozen importlib._bootstrap>", line 1027, in _find_and_load
  File "<frozen importlib._bootstrap>", line 1006, in _find_and_load_unlocked
  File "<frozen importlib._bootstrap>", line 688, in _load_unlocked
  File "<frozen importlib._bootstrap_external>", line 883, in exec_module
  File "<frozen importlib._bootstrap>", line 241, in _call_with_frames_removed
  File "/root/app/storage_control/admin.py", line 66, in <module>
    class InteractiveCommentAdmin(admin.ModelAdmin):
  File "/root/app/hello/lib/python3.10/site-packages/django/contrib/admin/decorators.py", line 107, in _model_admin_wrapper
    admin_site.register(models, admin_class=admin_class)
  File "/root/app/hello/lib/python3.10/site-packages/django/contrib/admin/sites.py", line 130, in register
    raise AlreadyRegistered(msg)
django.contrib.admin.exceptions.AlreadyRegistered: The model InteractiveComment is already registered with 'storage_control.InteractiveCommentAdmin'.
Traceback (most recent call last):
  File "/root/app/manage.py", line 22, in <module>
    main()
  File "/root/app/manage.py", line 18, in main
    execute_from_command_line(sys.argv)
  File "/root/app/hello/lib/python3.10/site-packages/django/core/management/__init__.py", line 442, in execute_from_command_line
    utility.execute()
  File "/root/app/hello/lib/python3.10/site-packages/django/core/management/__init__.py", line 416, in execute
    django.setup()
  File "/root/app/hello/lib/python3.10/site-packages/django/__init__.py", line 24, in setup
    apps.populate(settings.INSTALLED_APPS)
  File "/root/app/hello/lib/python3.10/site-packages/django/apps/registry.py", line 124, in populate
    app_config.ready()
  File "/root/app/hello/lib/python3.10/site-packages/django/contrib/admin/apps.py", line 27, in ready
    self.module.autodiscover()
  File "/root/app/hello/lib/python3.10/site-packages/django/contrib/admin/__init__.py", line 52, in autodiscover
    autodiscover_modules("admin", register_to=site)
  File "/root/app/hello/lib/python3.10/site-packages/django/utils/module_loading.py", line 58, in autodiscover_modules
    import_module("%s.%s" % (app_config.name, module_to_search))
  File "/usr/lib/python3.10/importlib/__init__.py", line 126, in import_module
    return _bootstrap._gcd_import(name[level:], package, level)
  File "<frozen importlib._bootstrap>", line 1050, in _gcd_import
  File "<frozen importlib._bootstrap>", line 1027, in _find_and_load
  File "<frozen importlib._bootstrap>", line 1006, in _find_and_load_unlocked
  File "<frozen importlib._bootstrap>", line 688, in _load_unlocked
  File "<frozen importlib._bootstrap_external>", line 883, in exec_module
  File "<frozen importlib._bootstrap>", line 241, in _call_with_frames_removed
  File "/root/app/storage_control/admin.py", line 66, in <module>
    class InteractiveCommentAdmin(admin.ModelAdmin):
  File "/root/app/hello/lib/python3.10/site-packages/django/contrib/admin/decorators.py", line 107, in _model_admin_wrapper
    admin_site.register(models, admin_class=admin_class)
  File "/root/app/hello/lib/python3.10/site-packages/django/contrib/admin/sites.py", line 130, in register
    raise AlreadyRegistered(msg)
django.contrib.admin.exceptions.AlreadyRegistered: The model InteractiveComment is already registered with 'storage_control.InteractiveCommentAdmin'.
Traceback (most recent call last):
  File "/root/app/manage.py", line 22, in <module>
    main()
  File "/root/app/manage.py", line 18, in main
    execute_from_command_line(sys.argv)
  File "/root/app/hello/lib/python3.10/site-packages/django/core/management/__init__.py", line 442, in execute_from_command_line
    utility.execute()
  File "/root/app/hello/lib/python3.10/site-packages/django/core/management/__init__.py", line 416, in execute
    django.setup()
  File "/root/app/hello/lib/python3.10/site-packages/django/__init__.py", line 24, in setup
    apps.populate(settings.INSTALLED_APPS)
  File "/root/app/hello/lib/python3.10/site-packages/django/apps/registry.py", line 124, in populate
    app_config.ready()
  File "/root/app/hello/lib/python3.10/site-packages/django/contrib/admin/apps.py", line 27, in ready
    self.module.autodiscover()
  File "/root/app/hello/lib/python3.10/site-packages/django/contrib/admin/__init__.py", line 52, in autodiscover
    autodiscover_modules("admin", register_to=site)
  File "/root/app/hello/lib/python3.10/site-packages/django/utils/module_loading.py", line 58, in autodiscover_modules
    import_module("%s.%s" % (app_config.name, module_to_search))
  File "/usr/lib/python3.10/importlib/__init__.py", line 126, in import_module
    return _bootstrap._gcd_import(name[level:], package, level)
  File "<frozen importlib._bootstrap>", line 1050, in _gcd_import
  File "<frozen importlib._bootstrap>", line 1027, in _find_and_load
  File "<frozen importlib._bootstrap>", line 1006, in _find_and_load_unlocked
  File "<frozen importlib._bootstrap>", line 688, in _load_unlocked
  File "<frozen importlib._bootstrap_external>", line 883, in exec_module
  File "<frozen importlib._bootstrap>", line 241, in _call_with_frames_removed
  File "/root/app/storage_control/admin.py", line 66, in <module>
    class InteractiveCommentAdmin(admin.ModelAdmin):
  File "/root/app/hello/lib/python3.10/site-packages/django/contrib/admin/decorators.py", line 107, in _model_admin_wrapper
    admin_site.register(models, admin_class=admin_class)
  File "/root/app/hello/lib/python3.10/site-packages/django/contrib/admin/sites.py", line 130, in register
    raise AlreadyRegistered(msg)
django.contrib.admin.exceptions.AlreadyRegistered: The model InteractiveComment is already registered with 'storage_control.InteractiveCommentAdmin'.
Performing system checks...

Traceback (most recent call last):
  File "/root/app/manage.py", line 22, in <module>
    main()
  File "/root/app/manage.py", line 18, in main
    execute_from_command_line(sys.argv)
  File "/root/app/hello/lib/python3.10/site-packages/django/core/management/__init__.py", line 442, in execute_from_command_line
    utility.execute()
  File "/root/app/hello/lib/python3.10/site-packages/django/core/management/__init__.py", line 436, in execute
    self.fetch_command(subcommand).run_from_argv(self.argv)
  File "/root/app/hello/lib/python3.10/site-packages/django/core/management/base.py", line 420, in run_from_argv
    self.execute(*args, **cmd_options)
  File "/root/app/hello/lib/python3.10/site-packages/django/core/management/commands/runserver.py", line 69, in execute
    super().execute(*args, **options)
  File "/root/app/hello/lib/python3.10/site-packages/django/core/management/base.py", line 464, in execute
    output = self.handle(*args, **options)
  File "/root/app/hello/lib/python3.10/site-packages/django/core/management/commands/runserver.py", line 110, in handle
    self.run(**options)
  File "/root/app/hello/lib/python3.10/site-packages/django/core/management/commands/runserver.py", line 119, in run
    self.inner_run(None, **options)
  File "/root/app/hello/lib/python3.10/site-packages/django/core/management/commands/runserver.py", line 134, in inner_run
    self.check(**check_kwargs)
  File "/root/app/hello/lib/python3.10/site-packages/django/core/management/base.py", line 496, in check
    all_issues = checks.run_checks(
  File "/root/app/hello/lib/python3.10/site-packages/django/core/checks/registry.py", line 89, in run_checks
    new_errors = check(app_configs=app_configs, databases=databases)
  File "/root/app/hello/lib/python3.10/site-packages/django/core/checks/urls.py", line 16, in check_url_config
    return check_resolver(resolver)
  File "/root/app/hello/lib/python3.10/site-packages/django/core/checks/urls.py", line 26, in check_resolver
    return check_method()
  File "/root/app/hello/lib/python3.10/site-packages/django/urls/resolvers.py", line 531, in check
    for pattern in self.url_patterns:
  File "/root/app/hello/lib/python3.10/site-packages/django/utils/functional.py", line 47, in __get__
    res = instance.__dict__[self.name] = self.func(instance)
  File "/root/app/hello/lib/python3.10/site-packages/django/urls/resolvers.py", line 718, in url_patterns
    patterns = getattr(self.urlconf_module, "urlpatterns", self.urlconf_module)
  File "/root/app/hello/lib/python3.10/site-packages/django/utils/functional.py", line 47, in __get__
    res = instance.__dict__[self.name] = self.func(instance)
  File "/root/app/hello/lib/python3.10/site-packages/django/urls/resolvers.py", line 711, in urlconf_module
    return import_module(self.urlconf_name)
  File "/usr/lib/python3.10/importlib/__init__.py", line 126, in import_module
    return _bootstrap._gcd_import(name[level:], package, level)
  File "<frozen importlib._bootstrap>", line 1050, in _gcd_import
  File "<frozen importlib._bootstrap>", line 1027, in _find_and_load
  File "<frozen importlib._bootstrap>", line 1006, in _find_and_load_unlocked
  File "<frozen importlib._bootstrap>", line 688, in _load_unlocked
  File "<frozen importlib._bootstrap_external>", line 883, in exec_module
  File "<frozen importlib._bootstrap>", line 241, in _call_with_frames_removed
  File "/root/app/core/urls.py", line 9, in <module>
    from storage_control.views import (
ImportError: cannot import name 'qr_one_click_login' from 'storage_control.views' (/root/app/storage_control/views.py)
